[www.georgiahomemovers.com/index.html]
[static.wixstatic.com/media/1805aa_ef4c8459782648218b517ef644362dc6_mv2.png/v1/fill/w_32,h_32,lg_1,usm_0.66_1.00_0.01/1805aa_ef4c8459782648218b517ef644362dc6_mv2.png]
[static.wixstatic.com/media/1805aa_ef4c8459782648218b517ef644362dc6_mv2.png/v1/fill/w_180,h_180,lg_1,usm_0.66_1.00_0.01/1805aa_ef4c8459782648218b517ef644362dc6_mv2.png]
[static.wixstatic.com/media/1805aa_ef4c8459782648218b517ef644362dc6_mv2.png/v1/fill/w_192,h_192,lg_1,usm_0.66_1.00_0.01/1805aa_ef4c8459782648218b517ef644362dc6_mv2.png]
[static.parastorage.com/unpkg/core-js-bundle@3.2.1/minified.js]
[static.parastorage.com/unpkg/focus-within-polyfill@5.0.9/dist/focus-within-polyfill.js]
[backblue.gif]
[fade.gif]
[index.html]
[polyfill.io/v3/polyfill.mind82c.js]
[static.parastorage.com/services/editor-elements-library/dist/thunderbolt/media/sloppyframe.d2412ec4.png]
[www.georgiahomemovers.com/blog-feed.xml]
[static.wixstatic.com/media/1805aa_ef4c8459782648218b517ef644362dc6_mv2.png/v1/fill/w_107,h_110,al_c,q_85,usm_0.66_1.00_0.01,enc_auto/ga home movers.png]
[www.georgiahomemovers.com/localmoving.html]
[www.georgiahomemovers.com/longdistancemoving.html]
[www.georgiahomemovers.com/officecommercialmoving.html]
[www.georgiahomemovers.com/pianoantiquemovers.html]
[www.georgiahomemovers.com/gunsafemovers.html]
[www.georgiahomemovers.com/seniormoving.html]
[www.georgiahomemovers.com/largeitemmoving.html]
[www.georgiahomemovers.com/packingservices.html]
[www.georgiahomemovers.com/laboronlyservices.html]
[www.georgiahomemovers.com/junkremoval.html]
[www.georgiahomemovers.com/_files/ugd/Moving-Checklist_2_2.pdf_; filename_=UTF-8''Moving-Checklist_2_2.pdf]
[www.georgiahomemovers.com/tips.html]
[www.georgiahomemovers.com/careers.html]
[www.georgiahomemovers.com/contactus.html]
[www.georgiahomemovers.com/aboutus.html]
[www.georgiahomemovers.com/atlanta.html]
[www.georgiahomemovers.com/marietta.html]
[www.georgiahomemovers.com/kennesaw.html]
[www.georgiahomemovers.com/acworth.html]
[www.georgiahomemovers.com/woodstock.html]
[www.georgiahomemovers.com/blueridge.html]
[www.georgiahomemovers.com/peachtreecity.html]
[www.georgiahomemovers.com/newnan.html]
[www.georgiahomemovers.com/calhoun.html]
[www.georgiahomemovers.com/eastatlanta.html]
[www.georgiahomemovers.com/athens.html]
[www.georgiahomemovers.com/chamblee.html]
[www.georgiahomemovers.com/jasper.html]
[www.georgiahomemovers.com/hapeville.html]
[www.georgiahomemovers.com/ellijay.html]
[www.georgiahomemovers.com/buckhead.html]
[www.georgiahomemovers.com/eastcobb.html]
[www.georgiahomemovers.com/roswell.html]
[www.georgiahomemovers.com/dallas.html]
[www.georgiahomemovers.com/milton.html]
[www.georgiahomemovers.com/cartersville.html]
[www.georgiahomemovers.com/hiram.html]
[www.georgiahomemovers.com/powdersprings.html]
[www.georgiahomemovers.com/hollysprings.html]
[www.georgiahomemovers.com/austell.html]
[www.georgiahomemovers.com/mableton.html]
[www.georgiahomemovers.com/emerson.html]
[www.georgiahomemovers.com/canton.html]
[www.georgiahomemovers.com/dunwoody.html]
[www.georgiahomemovers.com/lithiasprings.html]
[www.georgiahomemovers.com/brookhaven.html]
[www.georgiahomemovers.com/alpharetta.html]
[www.georgiahomemovers.com/sandysprings.html]
[www.georgiahomemovers.com/johnscreek.html]
[www.georgiahomemovers.com/lilburn.html]
[www.georgiahomemovers.com/duluth.html]
[www.georgiahomemovers.com/norcross.html]
[www.georgiahomemovers.com/peachtreecorners.html]
[www.georgiahomemovers.com/suwanee.html]
[www.georgiahomemovers.com/lawrenceville.html]
[www.georgiahomemovers.com/ballground.html]
[www.georgiahomemovers.com/snellville.html]
[www.georgiahomemovers.com/dawsonville.html]
[www.georgiahomemovers.com/rockmart.html]
[www.georgiahomemovers.com/collegepark.html]
[www.georgiahomemovers.com/riverdale.html]
[www.georgiahomemovers.com/stockbridge.html]
[www.georgiahomemovers.com/stonemountain.html]
[www.georgiahomemovers.com/gainesville.html]
[www.georgiahomemovers.com/mcdonough.html]
[www.georgiahomemovers.com/douglasville.html]
[www.georgiahomemovers.com/mabletonga.html]
[www.georgiahomemovers.com/cumming.html]
[www.georgiahomemovers.com/decatur.html]
[www.georgiahomemovers.com/stonecrest.html]
[www.georgiahomemovers.com/rome.html]
[www.georgiahomemovers.com/dalton.html]
[www.georgiahomemovers.com/buford.html]
[www.georgiahomemovers.com/conyers.html]
[www.georgiahomemovers.com/villarica.html]
[www.georgiahomemovers.com/doraville.html]
[www.georgiahomemovers.com/adairsville.html]
[www.georgiahomemovers.com/euharlee.html]
[www.georgiahomemovers.com/lithonia.html]
[www.georgiahomemovers.com/vinings.html]
[www.georgiahomemovers.com/smyrna.html]
[www.georgiahomemovers.com/blog.html]
[static.wixstatic.com/media/1805aa_7c1fdc8a289d4be4a0101a9911ad90b5f000.jpg/v1/fill/w_133,h_75,al_c,q_80,usm_0.66_1.00_0.01,blur_2,enc_auto/1805aa_7c1fdc8a289d4be4a0101a9911ad90b5f000.jpg]
[www.georgiahomemovers.com/getaquote.html]
[static.wixstatic.com/media/1805aa_617ee03f427447039b5755eeb88a4486_mv2.png/v1/fill/w_110,h_49,al_c,q_85,usm_0.66_1.00_0.01,enc_auto/logo2.png]
[static.wixstatic.com/media/1805aa_3f36da88d3264483969b704565247e85_mv2.png/v1/fill/w_131,h_49,al_c,q_85,usm_0.66_1.00_0.01,enc_auto/logos6.png]
[static.wixstatic.com/media/1805aa_dc79c6cb96b54a91815bbd9a7b1ecfea_mv2.png/v1/fill/w_120,h_55,al_c,q_85,usm_0.66_1.00_0.01,enc_auto/Yelp-5-Star-Business.png]
[static.wixstatic.com/media/1805aa_84fea107b3174fa3970e7b6738577147_mv2.jpeg/v1/fill/w_121,h_49,al_c,q_80,usm_0.66_1.00_0.01,enc_auto/WhatsApp Image 2023-02-10 at 9_55_24 PM.jpg]
[static.wixstatic.com/media/1805aa_2f2f15b516d34a7c8d2faafd9d4b34f0_mv2.jpeg/v1/fill/w_95,h_75,al_c,q_80,usm_0.66_1.00_0.01,enc_auto/WhatsApp Image 2023-02-10 at 9_59_22 PM.jpg]
[static.wixstatic.com/media/1805aa_e541dd82115c44a5add816708eaee62a_mv2.jpeg/v1/fill/w_402,h_268,al_c,q_80,usm_0.66_1.00_0.01,enc_auto/WhatsApp Image 2023-02-07 at 9_53_56 PM.jpg]
[static.wixstatic.com/media/1805aa_91719d0bdaab43e68e69e7b1ffd498a2_mv2.jpg/v1/fill/w_80,h_53,al_c,q_80,usm_0.66_1.00_0.01,blur_2,enc_auto/LOCAL MOVES PIC.jpg]
[static.wixstatic.com/media/1805aa_75114de349ff46baa444033d5449b24d_mv2.jpg/v1/fill/w_80,h_53,al_c,q_80,usm_0.66_1.00_0.01,blur_2,enc_auto/packing-services-pic-1024x683.jpg]
[static.wixstatic.com/media/1805aa_70db851db6b545a092d086ad65591464_mv2.jpg/v1/fill/w_80,h_53,al_c,q_80,usm_0.66_1.00_0.01,blur_2,enc_auto/office-Commercial-moving-pic-1024x683.jpg]
[static.wixstatic.com/media/1805aa_395f12a40b2f415c957b1caac7223cb7_mv2.jpg/v1/fill/w_80,h_53,al_c,q_80,usm_0.66_1.00_0.01,blur_2,enc_auto/junk-removal-pic-1024x683 (1).jpg]
[static.wixstatic.com/media/1805aa_41e36d68c0d5457e99a356991e5106e9_mv2.jpg/v1/fill/w_80,h_53,al_c,q_80,usm_0.66_1.00_0.01,blur_2,enc_auto/long-distance-pic-1024x683.jpg]
[static.wixstatic.com/media/1805aa_a5cbbe1334f54d45be79b7d7826cabf3_mv2.jpg/v1/fill/w_80,h_53,al_c,q_80,usm_0.66_1.00_0.01,blur_2,enc_auto/piano-services-PIC-1024x683.jpg]
[static.wixstatic.com/media/1805aa_cfd0a2f239cc497a90d10e1e7cd36232_mv2.png/v1/fill/w_95,h_95,al_c,q_85,usm_0.66_1.00_0.01,blur_2,enc_auto/(404) 536-4545 (3).png]
[static.wixstatic.com/media/1805aa_617ee03f427447039b5755eeb88a4486_mv2.png/v1/fill/w_110,h_49,al_c,q_85,usm_0.66_1.00_0.01,blur_3,enc_auto/logo2.png]
[static.wixstatic.com/media/1805aa_3f36da88d3264483969b704565247e85_mv2.png/v1/fill/w_131,h_49,al_c,q_85,usm_0.66_1.00_0.01,blur_3,enc_auto/logos6.png]
[static.wixstatic.com/media/1805aa_dc79c6cb96b54a91815bbd9a7b1ecfea_mv2.png/v1/fill/w_120,h_55,al_c,q_85,usm_0.66_1.00_0.01,blur_3,enc_auto/Yelp-5-Star-Business.png]
[static.wixstatic.com/media/1805aa_84fea107b3174fa3970e7b6738577147_mv2.jpeg/v1/fill/w_121,h_49,al_c,q_80,usm_0.66_1.00_0.01,blur_3,enc_auto/WhatsApp Image 2023-02-10 at 9_55_24 PM.jpg]
[static.wixstatic.com/media/1805aa_2f2f15b516d34a7c8d2faafd9d4b34f0_mv2.jpeg/v1/fill/w_95,h_75,al_c,q_80,usm_0.66_1.00_0.01,blur_3,enc_auto/WhatsApp Image 2023-02-10 at 9_59_22 PM.jpg]
[static.wixstatic.com/media/1805aa_fcfc6dfa7bf044e0b8f0c4d26b83f626_mv2.png/v1/fill/w_60,h_60,al_c,q_85,usm_0.66_1.00_0.01,blur_3,enc_auto/location icon.png]
[static.wixstatic.com/media/1805aa_66c9984073ce4c87806ed4a3a895db4a_mv2.png/v1/fill/w_60,h_60,al_c,q_85,usm_0.66_1.00_0.01,blur_3,enc_auto/call.png]
[static.wixstatic.com/media/1805aa_34706228d9144ba7a06293cdaa943993_mv2.png/v1/fill/w_60,h_60,al_c,q_85,usm_0.66_1.00_0.01,blur_3,enc_auto/clock.png]
[static.wixstatic.com/media/1805aa_ef4c8459782648218b517ef644362dc6_mv2.png/v1/fill/w_84,h_86,al_c,q_85,usm_0.66_1.00_0.01,blur_3,enc_auto/ga home movers.png]
[browser.sentry-cdn.com/6.18.2/bundle.min.js]
[www.georgiahomemovers.com/sitemap.xml]
[www.georgiahomemovers.com/feed.75.delayed]
[www.georgiahomemovers.com/${n.76.delayed]
[static.parastorage.com/services/wix-thunderbolt/dist/thunderbolt-commons.024d6735.bundle.min.js]
[static.parastorage.com/services/wix-thunderbolt/dist/main.4fb5a972.bundle.min.js]
[static.parastorage.com/unpkg/lodash@4.17.21/lodash.min.js]
[static.parastorage.com/unpkg/react@16.14.0/umd/react.production.min.js]
[static.parastorage.com/unpkg/react-dom@16.14.0/umd/react-dom.production.min.js]
[www.georgiahomemovers.com/decodeURIComponent(e.7c.delayed]
[static.parastorage.com/services/tag-manager-client/1.705.0/siteTags.bundle.min.js]
[www.georgiahomemovers.com/index.html]
[static.parastorage.com/services/wix-perf-measure/1.1058.0/wix-perf-measure.umd.min.js]
[static.wixstatic.com/media/1805aa_91719d0bdaab43e68e69e7b1ffd498a2_mv2.jpg/v1/fill/w_108,h_72,al_c,q_80,usm_0.66_1.00_0.01,blur_2,enc_auto/1805aa_91719d0bdaab43e68e69e7b1ffd498a2_mv2.jpg]
[static.wixstatic.com/media/1805aa_86663de3bf2d4fd196302b2431ebe637_mv2.png/v1/fill/w_80,h_80,al_c,q_85,usm_0.66_1.00_0.01,enc_auto/1805aa_86663de3bf2d4fd196302b2431ebe637_mv2.png]
[static.wixstatic.com/media/1805aa_ec0e11971bcb43c38c8f8dc37c0f2346_mv2.png/v1/fill/w_80,h_80,al_c,q_85,usm_0.66_1.00_0.01,enc_auto/Untitled design (8).png]
[static.wixstatic.com/media/1805aa_6f8519e21ef74e62a040b4d79bf4e901_mv2.png/v1/fill/w_80,h_80,al_c,q_85,usm_0.66_1.00_0.01,enc_auto/Untitled design (9).png]
[static.wixstatic.com/media/1805aa_cdf3c3fcf32043e2893a30bad91dd2a1_mv2.png/v1/fill/w_80,h_80,al_c,q_85,usm_0.66_1.00_0.01,enc_auto/Untitled design (10).png]
[static.wixstatic.com/media/1805aa_723a50c862144e1481c391705aa9ae9c_mv2.png/v1/fill/w_80,h_80,al_c,q_85,usm_0.66_1.00_0.01,blur_3,enc_auto/Untitled design (16).png]
[static.wixstatic.com/media/1805aa_a0d198fcb53042aeba9173c821e5900c_mv2.png/v1/fill/w_80,h_80,al_c,q_85,usm_0.66_1.00_0.01,blur_3,enc_auto/Untitled design (17).png]
[static.wixstatic.com/media/1805aa_f30a37ab4c874fd6a4f208f362f7a74f_mv2.png/v1/fill/w_80,h_80,al_c,q_85,usm_0.66_1.00_0.01,blur_3,enc_auto/Untitled design (18).png]
[static.wixstatic.com/media/1805aa_53c70047ad4d4f78990dea400444b638_mv2.jpg/v1/fill/w_114,h_76,al_c,q_80,usm_0.66_1.00_0.01,blur_2,enc_auto/local-move-pic-3-1024x683.jpg]
[static.wixstatic.com/media/1805aa_68427c5fdff44bf9af153656649e248a_mv2.jpg/v1/fill/w_114,h_76,al_c,q_80,usm_0.66_1.00_0.01,blur_2,enc_auto/1805aa_68427c5fdff44bf9af153656649e248a_mv2.jpg]
[static.wixstatic.com/media/1805aa_fdbf0f86bc2f43e680458816a037d7eb_mv2.jpg/v1/fill/w_110,h_73,al_c,q_80,usm_0.66_1.00_0.01,blur_2,enc_auto/1805aa_fdbf0f86bc2f43e680458816a037d7eb_mv2.jpg]
[www.georgiahomemovers.com/localmoving.html]
[static.wixstatic.com/media/1805aa_41e36d68c0d5457e99a356991e5106e9_mv2.jpg/v1/fill/w_90,h_60,al_c,q_80,usm_0.66_1.00_0.01,blur_2,enc_auto/1805aa_41e36d68c0d5457e99a356991e5106e9_mv2.jpg]
[static.wixstatic.com/media/1805aa_68f00b1ca2f840488e23b48f41f66680_mv2.jpg/v1/fill/w_399,h_266,al_c,q_80,usm_0.66_1.00_0.01,enc_auto/1805aa_68f00b1ca2f840488e23b48f41f66680_mv2.jpg]
[static.wixstatic.com/media/1805aa_1f13c08c7de44b28b05c36f25c8c2115_mv2.jpg/v1/fill/w_100,h_67,al_c,q_80,usm_0.66_1.00_0.01,blur_2,enc_auto/1805aa_1f13c08c7de44b28b05c36f25c8c2115_mv2.jpg]
[www.georgiahomemovers.com/longdistancemoving.html]
[static.wixstatic.com/media/1805aa_3a7599d499b64510b0f6540483f9b759_mv2.jpg/v1/fill/w_78,h_52,al_c,q_80,usm_0.66_1.00_0.01,blur_2,enc_auto/1805aa_3a7599d499b64510b0f6540483f9b759_mv2.jpg]
[static.wixstatic.com/media/1805aa_941545e7ef09467ea575cd7e4e49d142_mv2.jpg/v1/fill/w_396,h_264,al_c,q_80,usm_0.66_1.00_0.01,enc_auto/OrionMedia_TownHome_GAMOVERS_8.jpg]
[static.wixstatic.com/media/1805aa_05e07e8346374a9aa98d0844ce910522_mv2.jpg/v1/fill/w_99,h_66,al_c,q_80,usm_0.66_1.00_0.01,blur_2,enc_auto/OrionMedia_GaHomeMovers_6.jpg]
[www.georgiahomemovers.com/officecommercialmoving.html]
[static.wixstatic.com/media/1805aa_a5cbbe1334f54d45be79b7d7826cabf3_mv2.jpg/v1/fill/w_90,h_60,al_c,q_80,usm_0.66_1.00_0.01,blur_2,enc_auto/1805aa_a5cbbe1334f54d45be79b7d7826cabf3_mv2.jpg]
[static.wixstatic.com/media/1805aa_566a52aea6924cf294917187c09cce8e_mv2.jpeg/v1/fill/w_417,h_279,al_c,q_80,usm_0.66_1.00_0.01,enc_auto/WhatsApp Image 2023-02-09 at 11_15_09 PM.jpg]
[static.wixstatic.com/media/1805aa_bc6d60a36c0e4d179d0f2c9aeedec053_mv2.jpg/v1/fill/w_107,h_71,al_c,q_80,usm_0.66_1.00_0.01,blur_2,enc_auto/1805aa_bc6d60a36c0e4d179d0f2c9aeedec053_mv2.jpg]
[www.georgiahomemovers.com/pianoantiquemovers.html]
[static.wixstatic.com/media/1805aa_abf6190b364a492695d56a2aa2f0a125_mv2.jpg/v1/fill/w_80,h_60,al_c,q_80,usm_0.66_1.00_0.01,blur_2,enc_auto/1805aa_abf6190b364a492695d56a2aa2f0a125_mv2.jpg]
[static.wixstatic.com/media/1805aa_68f00b1ca2f840488e23b48f41f66680_mv2.jpg/v1/fill/w_404,h_326,al_c,q_80,usm_0.66_1.00_0.01,enc_auto/OrionMedia_GaHomeMovers_9.jpg]
[www.georgiahomemovers.com/gunsafemovers.html]
[static.wixstatic.com/media/1805aa_6dee1a8e651744b48ab4f230ae64dc2e_mv2.jpg/v1/fill/w_147,h_57,al_c,q_80,usm_0.66_1.00_0.01,blur_2,enc_auto/1805aa_6dee1a8e651744b48ab4f230ae64dc2e_mv2.jpg]
[static.wixstatic.com/media/1805aa_153b5ade5a504f19ab68b201fee0f275_mv2.jpeg/v1/fill/w_428,h_419,al_c,q_80,usm_0.66_1.00_0.01,enc_auto/WhatsApp Image 2023-01-21 at 7_38_26 PM.jpg]
[www.georgiahomemovers.com/seniormoving.html]
[static.wixstatic.com/media/1805aa_40d4e807266f481e8ebcde4dfd66fc08_mv2.jpeg/v1/fill/w_90,h_60,al_c,q_80,usm_0.66_1.00_0.01,blur_2,enc_auto/1805aa_40d4e807266f481e8ebcde4dfd66fc08_mv2.jpg]
[static.wixstatic.com/media/1805aa_67c852cc1a184ee89c3bd74e09bdd00e_mv2.jpeg/v1/fill/w_366,h_367,al_c,q_80,usm_0.66_1.00_0.01,enc_auto/WhatsApp-Image-2023-01-20-at-10_20_37-PM-1021x1024.jpg]
[www.georgiahomemovers.com/largeitemmoving.html]
[static.wixstatic.com/media/1805aa_05ecba4058f64c61b2378e44b46c71cb_mv2.jpg/v1/fill/w_66,h_44,al_c,q_80,usm_0.66_1.00_0.01,blur_2,enc_auto/1805aa_05ecba4058f64c61b2378e44b46c71cb_mv2.jpg]
[static.wixstatic.com/media/1805aa_723a50c862144e1481c391705aa9ae9c_mv2.png/v1/fill/w_80,h_80,al_c,q_85,usm_0.66_1.00_0.01,enc_auto/Untitled design (16).png]
[static.wixstatic.com/media/1805aa_a0d198fcb53042aeba9173c821e5900c_mv2.png/v1/fill/w_80,h_80,al_c,q_85,usm_0.66_1.00_0.01,enc_auto/Untitled design (17).png]
[static.wixstatic.com/media/1805aa_f30a37ab4c874fd6a4f208f362f7a74f_mv2.png/v1/fill/w_80,h_80,al_c,q_85,usm_0.66_1.00_0.01,enc_auto/Untitled design (18).png]
[www.georgiahomemovers.com/laboronlyservices.html]
[static.wixstatic.com/media/1805aa_77bcaf5e0d9c4d14b5460d34dfe3c92b_mv2.jpg/v1/fill/w_147,h_59,al_c,q_80,usm_0.66_1.00_0.01,blur_2,enc_auto/1805aa_77bcaf5e0d9c4d14b5460d34dfe3c92b_mv2.jpg]
[static.wixstatic.com/media/1805aa_bfde2073d91a4c7fa9c7a74a529abb01_mv2.jpg/v1/fill/w_365,h_250,al_c,q_80,usm_0.66_1.00_0.01,enc_auto/pic-2-packing-services-1024x701.jpg]
[static.wixstatic.com/media/1805aa_158c92678646421ebc4bf834de0c10d9_mv2.jpg/v1/fill/w_91,h_61,al_c,q_80,usm_0.66_1.00_0.01,blur_2,enc_auto/1805aa_158c92678646421ebc4bf834de0c10d9_mv2.jpg]
[static.wixstatic.com/media/1805aa_86663de3bf2d4fd196302b2431ebe637_mv2.png/v1/fill/w_100,h_100,al_c,q_85,usm_0.66_1.00_0.01,blur_3,enc_auto/1805aa_86663de3bf2d4fd196302b2431ebe637_mv2.png]
[static.wixstatic.com/media/1805aa_ec0e11971bcb43c38c8f8dc37c0f2346_mv2.png/v1/fill/w_100,h_100,al_c,q_85,usm_0.66_1.00_0.01,blur_3,enc_auto/Untitled design (8).png]
[static.wixstatic.com/media/1805aa_6f8519e21ef74e62a040b4d79bf4e901_mv2.png/v1/fill/w_100,h_100,al_c,q_85,usm_0.66_1.00_0.01,blur_3,enc_auto/Untitled design (9).png]
[static.wixstatic.com/media/1805aa_cdf3c3fcf32043e2893a30bad91dd2a1_mv2.png/v1/fill/w_100,h_100,al_c,q_85,usm_0.66_1.00_0.01,blur_3,enc_auto/Untitled design (10).png]
[static.wixstatic.com/media/1805aa_723a50c862144e1481c391705aa9ae9c_mv2.png/v1/fill/w_100,h_100,al_c,q_85,usm_0.66_1.00_0.01,blur_3,enc_auto/1805aa_723a50c862144e1481c391705aa9ae9c_mv2.png]
[static.wixstatic.com/media/1805aa_a0d198fcb53042aeba9173c821e5900c_mv2.png/v1/fill/w_100,h_100,al_c,q_85,usm_0.66_1.00_0.01,blur_3,enc_auto/Untitled design (17).png]
[static.wixstatic.com/media/1805aa_f30a37ab4c874fd6a4f208f362f7a74f_mv2.png/v1/fill/w_100,h_100,al_c,q_85,usm_0.66_1.00_0.01,blur_3,enc_auto/Untitled design (18).png]
[www.georgiahomemovers.com/packingservices.html]
[static.wixstatic.com/media/1805aa_7b299bc05ab24dfebde3b7affac8a412_mv2.jpg/v1/fill/w_141,h_60,al_c,q_80,usm_0.66_1.00_0.01,blur_2,enc_auto/1805aa_7b299bc05ab24dfebde3b7affac8a412_mv2.jpg]
[static.wixstatic.com/media/1805aa_82e562f923274624b94ee28c6e092917_mv2.jpg/v1/fill/w_131,h_87,al_c,q_80,usm_0.66_1.00_0.01,blur_2,enc_auto/1805aa_82e562f923274624b94ee28c6e092917_mv2.jpg]
[static.wixstatic.com/media/1805aa_538dc2efa8b343d697b5a3ca2ae16617_mv2.png/v1/fill/w_70,h_70,al_c,q_85,usm_0.66_1.00_0.01,blur_3,enc_auto/1805aa_538dc2efa8b343d697b5a3ca2ae16617_mv2.png]
[static.wixstatic.com/media/1805aa_a1d26e8434fb43b2afbc8c09ab3d1e39_mv2.png/v1/fill/w_70,h_70,al_c,q_85,usm_0.66_1.00_0.01,blur_3,enc_auto/1805aa_a1d26e8434fb43b2afbc8c09ab3d1e39_mv2.png]
[static.wixstatic.com/media/1805aa_9e8dc08d995e4ed4a88b7628377281b3_mv2.png/v1/fill/w_50,h_50,al_c,q_85,usm_0.66_1.00_0.01,blur_3,enc_auto/1805aa_9e8dc08d995e4ed4a88b7628377281b3_mv2.png]
[www.georgiahomemovers.com/junkremoval.html]
[static.wixstatic.com/media/1805aa_a23e7109595e44f68185179ce047b5db_mv2.jpeg/v1/fill/w_90,h_60,al_c,q_80,usm_0.66_1.00_0.01,blur_2,enc_auto/1805aa_a23e7109595e44f68185179ce047b5db_mv2.jpg]
[www.georgiahomemovers.com/tips.html]
[static.wixstatic.com/media/1805aa_581fb4bef5384601811831800dd3c092_mv2.jpg/v1/fill/w_90,h_60,al_c,q_80,usm_0.66_1.00_0.01,blur_2,enc_auto/1805aa_581fb4bef5384601811831800dd3c092_mv2.jpg]
[www.georgiahomemovers.com/careers.html]
[static.wixstatic.com/media/1805aa_6fa8d64ed07f4d219160e3366565ca4a_mv2.jpg/v1/fill/w_116,h_60,al_c,q_80,usm_0.66_1.00_0.01,blur_2,enc_auto/1805aa_6fa8d64ed07f4d219160e3366565ca4a_mv2.jpg]
[www.georgiahomemovers.com/contactus.html]
[www.georgiahomemovers.com/aboutus.html]
[static.wixstatic.com/media/10cba2_af3a8a12ebb0496a9aa8046fcc4649f7_mv2.jpg/v1/fill/w_120,h_68,al_c,q_80,usm_0.66_1.00_0.01,blur_2,enc_auto/10cba2_af3a8a12ebb0496a9aa8046fcc4649f7_mv2.jpg]
[www.georgiahomemovers.com/atlanta.html]
[www.georgiahomemovers.com/marietta.html]
[static.wixstatic.com/media/10cba2_c1200038376a455c82f8a249413cf3f6_mv2.jpg/v1/fill/w_582,h_169,al_c,lg_1,q_80,enc_auto/10cba2_c1200038376a455c82f8a249413cf3f6_mv2.jpg]
[www.georgiahomemovers.com/kennesaw.html]
[static.wixstatic.com/media/10cba2_bc4dafd71b8c42cd86131ca13879fa21_mv2.jpg/v1/fill/w_93,h_53,al_c,q_80,usm_0.66_1.00_0.01,blur_2,enc_auto/10cba2_bc4dafd71b8c42cd86131ca13879fa21_mv2.jpg]
[www.georgiahomemovers.com/acworth.html]
[static.wixstatic.com/media/10cba2_d4c5a4f3886f4c39b00fda487c4b9d4b_mv2.png/v1/fill/w_23,h_18,al_c,q_85,usm_0.66_1.00_0.01,blur_2,enc_auto/10cba2_d4c5a4f3886f4c39b00fda487c4b9d4b_mv2.png]
[www.georgiahomemovers.com/woodstock.html]
[static.wixstatic.com/media/10cba2_fbcf0873f63f4ea8ad8181f97b4bd6e8_mv2.jpg/v1/fill/w_99,h_52,al_c,q_80,usm_0.66_1.00_0.01,blur_2,enc_auto/10cba2_fbcf0873f63f4ea8ad8181f97b4bd6e8_mv2.jpg]
[www.georgiahomemovers.com/blueridge.html]
[static.wixstatic.com/media/10cba2_0ed23ec71d0144cab34f454cef569990_mv2.jpg/v1/fill/w_82,h_54,al_c,q_80,usm_0.66_1.00_0.01,blur_2,enc_auto/10cba2_0ed23ec71d0144cab34f454cef569990_mv2.jpg]
[static.wixstatic.com/media/10cba2_0ed23ec71d0144cab34f454cef569990_mv2.jpg/v1/fill/w_90,h_60,al_c,q_80,usm_0.66_1.00_0.01,blur_2,enc_auto/City_Hall_Fountain,_Peachtree_City,_Georgia.jpg]
[www.georgiahomemovers.com/peachtreecity.html]
[static.wixstatic.com/media/10cba2_67607f12bd07429b846ff3cdb573c43e_mv2.jpg/v1/fill/w_103,h_58,al_c,q_80,usm_0.66_1.00_0.01,blur_2,enc_auto/10cba2_67607f12bd07429b846ff3cdb573c43e_mv2.jpg]
[www.georgiahomemovers.com/newnan.html]
[static.wixstatic.com/media/10cba2_bd1022869b53488395b998ccbb6d6d24_mv2.jpg/v1/fill/w_79,h_53,al_c,q_80,usm_0.66_1.00_0.01,blur_2,enc_auto/10cba2_bd1022869b53488395b998ccbb6d6d24_mv2.jpg]
[www.georgiahomemovers.com/calhoun.html]
[www.georgiahomemovers.com/athens.html]
[static.wixstatic.com/media/10cba2_04f3eed9b4914eb29fcc8e0935f8c708_mv2.jpg/v1/fill/w_79,h_53,al_c,q_80,usm_0.66_1.00_0.01,blur_2,enc_auto/10cba2_04f3eed9b4914eb29fcc8e0935f8c708_mv2.jpg]
[www.georgiahomemovers.com/eastatlanta.html]
[static.wixstatic.com/media/10cba2_09b2e79f690f44bea7fa4ed8e8b9a74e_mv2.jpg/v1/fill/w_112,h_53,al_c,q_80,usm_0.66_1.00_0.01,blur_2,enc_auto/10cba2_09b2e79f690f44bea7fa4ed8e8b9a74e_mv2.jpg]
[www.georgiahomemovers.com/chamblee.html]
[static.wixstatic.com/media/10cba2_c3c75c2aab9441c797b111bb4f308f37_mv2.jpg/v1/fill/w_147,h_45,al_c,q_80,usm_0.66_1.00_0.01,blur_2,enc_auto/10cba2_c3c75c2aab9441c797b111bb4f308f37_mv2.jpg]
[www.georgiahomemovers.com/jasper.html]
[www.georgiahomemovers.com/ellijay.html]
[static.wixstatic.com/media/10cba2_6a09e01ac51e4177bc89bcfa1ad0af75_mv2.jpg/v1/fill/w_108,h_53,al_c,q_80,usm_0.66_1.00_0.01,blur_2,enc_auto/10cba2_6a09e01ac51e4177bc89bcfa1ad0af75_mv2.jpg]
[www.georgiahomemovers.com/hapeville.html]
[static.wixstatic.com/media/10cba2_89d6a17dc6ac481ba5e6447c3d6c007e_mv2.jpg/v1/fill/w_127,h_53,al_c,q_80,usm_0.66_1.00_0.01,blur_2,enc_auto/10cba2_89d6a17dc6ac481ba5e6447c3d6c007e_mv2.jpg]
[www.georgiahomemovers.com/buckhead.html]
[www.georgiahomemovers.com/eastcobb.html]
[static.wixstatic.com/media/10cba2_5c856aaac6564b0bae99f618b7161944_mv2.jpg/v1/fill/w_70,h_53,al_c,q_80,usm_0.66_1.00_0.01,blur_2,enc_auto/10cba2_5c856aaac6564b0bae99f618b7161944_mv2.jpg]
[www.georgiahomemovers.com/roswell.html]
[static.wixstatic.com/media/10cba2_428e6a894ae441bcb61aa5ed464a6c23_mv2.jpeg/v1/fill/w_130,h_52,al_c,q_80,usm_0.66_1.00_0.01,blur_2,enc_auto/10cba2_428e6a894ae441bcb61aa5ed464a6c23_mv2.jpg]
[www.georgiahomemovers.com/milton.html]
[static.wixstatic.com/media/10cba2_5779a46a377b4fc99778aa76d227aafd_mv2.jpg/v1/fill/w_79,h_53,al_c,q_80,usm_0.66_1.00_0.01,blur_2,enc_auto/10cba2_5779a46a377b4fc99778aa76d227aafd_mv2.jpg]
[www.georgiahomemovers.com/dallas.html]
[static.wixstatic.com/media/10cba2_e73234780544450cae1a5b894aa48a97_mv2.jpg/v1/fill/w_66,h_53,al_c,q_80,usm_0.66_1.00_0.01,blur_2,enc_auto/10cba2_e73234780544450cae1a5b894aa48a97_mv2.jpg]
[www.georgiahomemovers.com/cartersville.html]
[static.wixstatic.com/media/10cba2_064772a29a724d75b5d4ed9df3a96b31_mv2.jpg/v1/fill/w_133,h_53,al_c,q_80,usm_0.66_1.00_0.01,blur_2,enc_auto/10cba2_064772a29a724d75b5d4ed9df3a96b31_mv2.jpg]
[www.georgiahomemovers.com/hiram.html]
[static.wixstatic.com/media/10cba2_caa0428a812e404699635fee01f99a0a_mv2.jpg/v1/fill/w_70,h_45,al_c,q_80,usm_0.66_1.00_0.01,blur_1,enc_auto/10cba2_caa0428a812e404699635fee01f99a0a_mv2.jpg]
[www.georgiahomemovers.com/powdersprings.html]
[static.wixstatic.com/media/10cba2_1d8386689dc847dd9888db6a00f5b69b_mv2.jpg/v1/fill/w_69,h_46,al_c,q_80,usm_0.66_1.00_0.01,blur_1,enc_auto/10cba2_1d8386689dc847dd9888db6a00f5b69b_mv2.jpg]
[www.georgiahomemovers.com/hollysprings.html]
[www.georgiahomemovers.com/austell.html]
[static.wixstatic.com/media/10cba2_2eeac1951f2b44b78f64e208bba75761_mv2.jpg/v1/fill/w_56,h_56,al_c,q_80,usm_0.66_1.00_0.01,blur_1,enc_auto/10cba2_2eeac1951f2b44b78f64e208bba75761_mv2.jpg]
[www.georgiahomemovers.com/mableton.html]
[static.wixstatic.com/media/10cba2_2d1d9d6a7b5a43da9b0f68e0dae8f665_mv2.jpg/v1/fill/w_72,h_53,al_c,q_80,usm_0.66_1.00_0.01,blur_2,enc_auto/10cba2_2d1d9d6a7b5a43da9b0f68e0dae8f665_mv2.jpg]
[www.georgiahomemovers.com/emerson.html]
[static.wixstatic.com/media/10cba2_96e9ff47f9cd4dd3b8756a6eddd3d62d_mv2.jpg/v1/fill/w_65,h_49,al_c,q_80,usm_0.66_1.00_0.01,blur_1,enc_auto/10cba2_96e9ff47f9cd4dd3b8756a6eddd3d62d_mv2.jpg]
[www.georgiahomemovers.com/canton.html]
[static.wixstatic.com/media/10cba2_67eb82c03107447e80f4b8f326cb3e7b_mv2.jpg/v1/fill/w_81,h_39,al_c,q_80,usm_0.66_1.00_0.01,blur_1,enc_auto/10cba2_67eb82c03107447e80f4b8f326cb3e7b_mv2.jpg]
[www.georgiahomemovers.com/dunwoody.html]
[static.wixstatic.com/media/10cba2_ff2831b3768a4a35909e337ff1cee365_mv2.jpg/v1/fill/w_67,h_48,al_c,q_80,usm_0.66_1.00_0.01,blur_1,enc_auto/10cba2_ff2831b3768a4a35909e337ff1cee365_mv2.jpg]
[www.georgiahomemovers.com/lithiasprings.html]
[static.wixstatic.com/media/10cba2_3afcf6bb936c4af2819fa61ebebaef21_mv2.jpg/v1/fill/w_69,h_46,al_c,q_80,usm_0.66_1.00_0.01,blur_1,enc_auto/10cba2_3afcf6bb936c4af2819fa61ebebaef21_mv2.jpg]
[www.georgiahomemovers.com/brookhaven.html]
[static.wixstatic.com/media/10cba2_72939c472c9d4b22a203229e80f6dafe_mv2.jpg/v1/fill/w_74,h_43,al_c,q_80,usm_0.66_1.00_0.01,blur_1,enc_auto/10cba2_72939c472c9d4b22a203229e80f6dafe_mv2.jpg]
[www.georgiahomemovers.com/sandysprings.html]
[static.wixstatic.com/media/10cba2_c623580e477d4ea2bd5684781e1277ce_mv2.jpg/v1/fill/w_69,h_46,al_c,q_80,usm_0.66_1.00_0.01,blur_1,enc_auto/10cba2_c623580e477d4ea2bd5684781e1277ce_mv2.jpg]
[www.georgiahomemovers.com/alpharetta.html]
[static.wixstatic.com/media/10cba2_b619482ec1e44a2dacf8a5557c2a9030_mv2.jpg/v1/fill/w_81,h_39,al_c,q_80,usm_0.66_1.00_0.01,blur_1,enc_auto/10cba2_b619482ec1e44a2dacf8a5557c2a9030_mv2.jpg]
[www.georgiahomemovers.com/johnscreek.html]
[static.wixstatic.com/media/10cba2_09c6aa7230ad4d7e819398d08ee1a291_mv2.jpg/v1/fill/w_69,h_46,al_c,q_80,usm_0.66_1.00_0.01,blur_1,enc_auto/10cba2_09c6aa7230ad4d7e819398d08ee1a291_mv2.jpg]
[www.georgiahomemovers.com/lilburn.html]
[static.wixstatic.com/media/10cba2_a14128c5c94045b48b3c1abec12a60be_mv2.jpg/v1/fill/w_75,h_42,al_c,q_80,usm_0.66_1.00_0.01,blur_1,enc_auto/10cba2_a14128c5c94045b48b3c1abec12a60be_mv2.jpg]
[www.georgiahomemovers.com/duluth.html]
[static.wixstatic.com/media/10cba2_d61c94a604ad46bfa5ca7cb91e3f211c_mv2.jpg/v1/fill/w_112,h_28,al_c,q_80,usm_0.66_1.00_0.01,blur_1,enc_auto/10cba2_d61c94a604ad46bfa5ca7cb91e3f211c_mv2.jpg]
[www.georgiahomemovers.com/norcross.html]
[static.wixstatic.com/media/10cba2_107d0e48864a45329c6692e38448e4e4_mv2.jpg/v1/fill/w_65,h_49,al_c,q_80,usm_0.66_1.00_0.01,blur_1,enc_auto/10cba2_107d0e48864a45329c6692e38448e4e4_mv2.jpg]
[www.georgiahomemovers.com/peachtreecorners.html]
[static.wixstatic.com/media/10cba2_7f2f0179896b4ba5b73d2f2702054fe3_mv2.jpg/v1/fill/w_69,h_46,al_c,q_80,usm_0.66_1.00_0.01,blur_1,enc_auto/10cba2_7f2f0179896b4ba5b73d2f2702054fe3_mv2.jpg]
[www.georgiahomemovers.com/suwanee.html]
[static.wixstatic.com/media/10cba2_b8368acf88824469b30e7c76b229fe85_mv2.jpg/v1/fill/w_92,h_35,al_c,q_80,usm_0.66_1.00_0.01,blur_1,enc_auto/10cba2_b8368acf88824469b30e7c76b229fe85_mv2.jpg]
[www.georgiahomemovers.com/lawrenceville.html]
[static.wixstatic.com/media/10cba2_cfc40c56dbfe437a889c116e83c8ad42_mv2.jpg/v1/fill/w_75,h_42,al_c,q_80,usm_0.66_1.00_0.01,blur_1,enc_auto/10cba2_cfc40c56dbfe437a889c116e83c8ad42_mv2.jpg]
[www.georgiahomemovers.com/snellville.html]
[static.wixstatic.com/media/10cba2_93ace4e45a3b49768c1b47f7d8f215b0_mv2.jpg/v1/fill/w_56,h_56,al_c,q_80,usm_0.66_1.00_0.01,blur_1,enc_auto/10cba2_93ace4e45a3b49768c1b47f7d8f215b0_mv2.jpg]
[www.georgiahomemovers.com/ballground.html]
[static.wixstatic.com/media/10cba2_6a39158820ca401aa123a74e9017e096_mv2.jpg/v1/fill/w_65,h_49,al_c,q_80,usm_0.66_1.00_0.01,blur_1,enc_auto/10cba2_6a39158820ca401aa123a74e9017e096_mv2.jpg]
[www.georgiahomemovers.com/dawsonville.html]
[static.wixstatic.com/media/10cba2_4b405b5ee10749aab37d7e23d390f06d_mv2.jpg/v1/fill/w_75,h_42,al_c,q_80,usm_0.66_1.00_0.01,blur_1,enc_auto/10cba2_4b405b5ee10749aab37d7e23d390f06d_mv2.jpg]
[www.georgiahomemovers.com/rockmart.html]
[static.wixstatic.com/media/10cba2_f6ed91bbe09b4528a2b7367075b70b6e_mv2.jpg/v1/fill/w_69,h_46,al_c,q_80,usm_0.66_1.00_0.01,blur_1,enc_auto/10cba2_f6ed91bbe09b4528a2b7367075b70b6e_mv2.jpg]
[www.georgiahomemovers.com/collegepark.html]
[static.wixstatic.com/media/10cba2_da5400872b4d4a35a8a5e0ed0c652090_mv2.jpg/v1/fill/w_80,h_40,al_c,q_80,usm_0.66_1.00_0.01,blur_1,enc_auto/10cba2_da5400872b4d4a35a8a5e0ed0c652090_mv2.jpg]
[www.georgiahomemovers.com/riverdale.html]
[static.wixstatic.com/media/10cba2_b13439d05fbb4fc39255905601bf6e45_mv2.jpg/v1/fill/w_92,h_34,al_c,q_80,usm_0.66_1.00_0.01,blur_1,enc_auto/10cba2_b13439d05fbb4fc39255905601bf6e45_mv2.jpg]
[www.georgiahomemovers.com/stockbridge.html]
[static.wixstatic.com/media/10cba2_df6de37709b8489385ac90a3b42281e8_mv2.jpg/v1/fill/w_75,h_42,al_c,q_80,usm_0.66_1.00_0.01,blur_1,enc_auto/10cba2_df6de37709b8489385ac90a3b42281e8_mv2.jpg]
[www.georgiahomemovers.com/stonemountain.html]
[static.wixstatic.com/media/10cba2_eec383ed879e41b6a59582103da6289c_mv2.jpg/v1/fill/w_147,h_46,al_c,q_80,usm_0.66_1.00_0.01,blur_2,enc_auto/10cba2_eec383ed879e41b6a59582103da6289c_mv2.jpg]
[www.georgiahomemovers.com/gainesville.html]
[static.wixstatic.com/media/10cba2_8fe7096e204447b79db7f0ae9ae79ac0_mv2.jpg/v1/fill/w_69,h_46,al_c,q_80,usm_0.66_1.00_0.01,blur_1,enc_auto/10cba2_8fe7096e204447b79db7f0ae9ae79ac0_mv2.jpg]
[www.georgiahomemovers.com/mcdonough.html]
[static.wixstatic.com/media/10cba2_7383e10d62fd42bc935ba6f48a770d80_mv2.jpg/v1/fill/w_75,h_42,al_c,q_80,usm_0.66_1.00_0.01,blur_1,enc_auto/10cba2_7383e10d62fd42bc935ba6f48a770d80_mv2.jpg]
[www.georgiahomemovers.com/douglasville.html]
[static.wixstatic.com/media/10cba2_4ffc57ad08074948867a85eb43c01353_mv2.jpg/v1/fill/w_65,h_49,al_c,q_80,usm_0.66_1.00_0.01,blur_1,enc_auto/10cba2_4ffc57ad08074948867a85eb43c01353_mv2.jpg]
[www.georgiahomemovers.com/mabletonga.html]
[static.wixstatic.com/media/10cba2_fe99533350224dd98edd0ab241f487f9_mv2.jpg/v1/fill/w_74,h_43,al_c,q_80,usm_0.66_1.00_0.01,blur_1,enc_auto/10cba2_fe99533350224dd98edd0ab241f487f9_mv2.jpg]
[www.georgiahomemovers.com/cumming.html]
[static.wixstatic.com/media/10cba2_c9547096a5704459ac88e6887846e537_mv2.jpg/v1/fill/w_80,h_40,al_c,q_80,usm_0.66_1.00_0.01,blur_1,enc_auto/10cba2_c9547096a5704459ac88e6887846e537_mv2.jpg]
[www.georgiahomemovers.com/decatur.html]
[static.wixstatic.com/media/10cba2_b5d7f16e7e894781b85f85d6d5677a08_mv2.jpg/v1/fill/w_82,h_39,al_c,q_80,usm_0.66_1.00_0.01,blur_1,enc_auto/10cba2_b5d7f16e7e894781b85f85d6d5677a08_mv2.jpg]
[www.georgiahomemovers.com/stonecrest.html]
[static.wixstatic.com/media/10cba2_a148856e2add4e7cad8672522a3aa6ef_mv2.jpg/v1/fill/w_69,h_46,al_c,q_80,usm_0.66_1.00_0.01,blur_1,enc_auto/10cba2_a148856e2add4e7cad8672522a3aa6ef_mv2.jpg]
[www.georgiahomemovers.com/rome.html]
[static.wixstatic.com/media/10cba2_d25ecbe8dc4247d5b245397eb70784a1_mv2.jpg/v1/fill/w_69,h_46,al_c,q_80,usm_0.66_1.00_0.01,blur_1,enc_auto/10cba2_d25ecbe8dc4247d5b245397eb70784a1_mv2.jpg]
[www.georgiahomemovers.com/dalton.html]
[static.wixstatic.com/media/10cba2_95ecfb6c50434e639f77360be84231d4_mv2.jpg/v1/fill/w_80,h_40,al_c,q_80,usm_0.66_1.00_0.01,blur_1,enc_auto/10cba2_95ecfb6c50434e639f77360be84231d4_mv2.jpg]
[www.georgiahomemovers.com/buford.html]
[static.wixstatic.com/media/10cba2_f547e3b21c96439ea7179dc46c050d37_mv2.jpg/v1/fill/w_65,h_49,al_c,q_80,usm_0.66_1.00_0.01,blur_1,enc_auto/10cba2_f547e3b21c96439ea7179dc46c050d37_mv2.jpg]
[www.georgiahomemovers.com/conyers.html]
[static.wixstatic.com/media/10cba2_d9478c6dc85b4180bdb61e17de91c436_mv2.jpg/v1/fill/w_69,h_46,al_c,q_80,usm_0.66_1.00_0.01,blur_1,enc_auto/10cba2_d9478c6dc85b4180bdb61e17de91c436_mv2.jpg]
[www.georgiahomemovers.com/villarica.html]
[static.wixstatic.com/media/10cba2_d731747c2a7b496a991bee08596ff523_mv2.jpg/v1/fill/w_75,h_42,al_c,q_80,usm_0.66_1.00_0.01,blur_1,enc_auto/10cba2_d731747c2a7b496a991bee08596ff523_mv2.jpg]
[www.georgiahomemovers.com/doraville.html]
[static.wixstatic.com/media/10cba2_58a47b823a44464cac7adbf731e0e356_mv2.jpg/v1/fill/w_86,h_37,al_c,q_80,usm_0.66_1.00_0.01,blur_1,enc_auto/10cba2_58a47b823a44464cac7adbf731e0e356_mv2.jpg]
[www.georgiahomemovers.com/adairsville.html]
[static.wixstatic.com/media/10cba2_fb7e37966fce49ec8d5500c92ed84a12_mv2.jpg/v1/fill/w_56,h_56,al_c,q_80,usm_0.66_1.00_0.01,blur_1,enc_auto/10cba2_fb7e37966fce49ec8d5500c92ed84a12_mv2.jpg]
[www.georgiahomemovers.com/euharlee.html]
[static.wixstatic.com/media/10cba2_36491d1737f04fc393ba039ec1cba020_mv2.jpg/v1/fill/w_70,h_45,al_c,q_80,usm_0.66_1.00_0.01,blur_1,enc_auto/10cba2_36491d1737f04fc393ba039ec1cba020_mv2.jpg]
[www.georgiahomemovers.com/lithonia.html]
[static.wixstatic.com/media/10cba2_9340c6b9f5104cbb88dc17b8cbbc498f_mv2.jpg/v1/fill/w_75,h_42,al_c,q_80,usm_0.66_1.00_0.01,blur_1,enc_auto/10cba2_9340c6b9f5104cbb88dc17b8cbbc498f_mv2.jpg]
[www.georgiahomemovers.com/vinings.html]
[static.wixstatic.com/media/10cba2_97cae14d3f6f401d874ee9b53a10e0fd_mv2.jpg/v1/fill/w_162,h_90,al_c,q_80,usm_0.66_1.00_0.01,blur_1,enc_auto/10cba2_97cae14d3f6f401d874ee9b53a10e0fd_mv2.jpg]
[www.georgiahomemovers.com/smyrna.html]
[www.georgiahomemovers.com/blog.html]
[www.georgiahomemovers.com/getaquote.html]
[www.georgiahomemovers.com/feed.html]
[www.georgiahomemovers.com/${n.html]
[www.georgiahomemovers.com/decodeURIComponent(e.html]
